{
  "id": "b4721fe9-3fb0-48f6-985d-48705ab00786",
  "tool": "compare",
  "args": {
    "mode": 1,
    "dirA": "/tmp/test_fix_a",
    "dirB": "/tmp/test_fix_b",
    "blockSize": null
  },
  "timestamp": "2026-07-22T16:22:10.082797",
  "exitCode": 99,
  "status": "done",
  "result": "has_diff",
  "lines": [
    {
      "line": "==================== 高速视频专用（大小+首尾局部哈希） ===================="
    },
    {
      "line": "目录A：/tmp/test_fix_a"
    },
    {
      "line": "目录B：/tmp/test_fix_b"
    },
    {
      "line": "========================================================================="
    },
    {
      "line": "[步骤1] 比对全部文件路径清单"
    },
    {
      "line": "✅ 文件清单完全一致"
    },
    {
      "line": "[步骤2] 高速校验：文件大小 + 首尾64KB局部哈希"
    },
    {
      "line": "❌ 文件大小不一致"
    },
    {
      "line": "相对路径：y.txt"
    },
    {
      "line": "A路径：/tmp/test_fix_a/y.txt | 大小：5 Byte"
    },
    {
      "line": "B路径：/tmp/test_fix_b/y.txt | 大小：6 Byte"
    },
    {
      "line": "[步骤3] 目录总文件与总容量统计"
    },
    {
      "line": "==================== 容量汇总 ===================="
    },
    {
      "line": "         | 文件总数 | 总字节数 | 可读容量"
    },
    {
      "line": "--------------------------------------------------"
    },
    {
      "line": "目录A  |        2 |           11 | 11 B"
    },
    {
      "line": "目录B  |        2 |           12 | 12 B"
    },
    {
      "line": "=================================================="
    },
    {
      "line": "❌ 整体总容量字节不一致"
    },
    {
      "line": "RESULT:has_diff"
    },
    {
      "line": "❌ 校验失败：存在文件缺失/容量/内容差异，详见上方日志"
    }
  ]
}